This is pdfTeX, Version 3.141592653-2.6-1.40.28 (MiKTeX 25.12) (preloaded format=pdflatex 2026.10.5)  5 OCT 2026 21:25
entering extended mode
 restricted \write18 enabled.
 %&-line parsing enabled.
**./Proj1-Final-XRD-Shukri-Weltz.tex
(Proj1-Final-XRD-Shukri-Weltz.tex
LaTeX2e <2025-11-01>
L3 programming layer <2025-12-24>
(C:\Users\micha\AppData\Local\Programs\MiKTeX\tex/latex/base\article.cls
Document Class: article 2025/01/22 v1.4n Standard LaTeX document class
(C:\Users\micha\AppData\Local\Programs\MiKTeX\tex/latex/base\size12.clo
File: size12.clo 2025/01/22 v1.4n Standard LaTeX file (size option)
)
\c@part=\count275
\c@section=\count276
\c@subsection=\count277
\c@subsubsection=\count278
\c@paragraph=\count279
\c@subparagraph=\count280
\c@figure=\count281
\c@table=\count282
\abovecaptionskip=\skip49
\belowcaptionskip=\skip50
\bibindent=\dimen148
)
(Style-Thesis-Report.sty
(C:\Users\micha\AppData\Local\Programs\MiKTeX\tex/latex/titlesec\titlesec.sty
Package: titlesec 2025/01/04 v2.17 Sectioning titles
\ttl@box=\box53
\beforetitleunit=\skip51
\aftertitleunit=\skip52
\ttl@plus=\dimen149
\ttl@minus=\dimen150
\ttl@toksa=\toks17
\titlewidth=\dimen151
\titlewidthlast=\dimen152
\titlewidthfirst=\dimen153
)
(C:\Users\micha\AppData\Local\Programs\MiKTeX\tex/latex/cite\cite.sty
LaTeX Info: Redefining \cite on input line 302.
LaTeX Info: Redefining \nocite on input line 332.
Package: cite 2015/02/27  v 5.5
)
(C:\Users\micha\AppData\Local\Programs\MiKTeX\tex/latex/graphics\graphicx.sty
Package: graphicx 2024/12/31 v1.2e Enhanced LaTeX Graphics (DPC,SPQR)

(C:\Users\micha\AppData\Local\Programs\MiKTeX\tex/latex/graphics\keyval.sty
Package: keyval 2022/05/29 v1.15 key=value parser (DPC)
\KV@toks@=\toks18
)
(C:\Users\micha\AppData\Local\Programs\MiKTeX\tex/latex/graphics\graphics.sty
Package: graphics 2024/08/06 v1.4g Standard LaTeX Graphics (DPC,SPQR)

(C:\Users\micha\AppData\Local\Programs\MiKTeX\tex/latex/graphics\trig.sty
Package: trig 2023/12/02 v1.11 sin cos tan (DPC)
)
(C:\Users\micha\AppData\Local\Programs\MiKTeX\tex/latex/graphics-cfg\graphics.c
fg
File: graphics.cfg 2016/06/04 v1.11 sample graphics configuration
)
Package graphics Info: Driver file: pdftex.def on input line 106.

(C:\Users\micha\AppData\Local\Programs\MiKTeX\tex/latex/graphics-def\pdftex.def
File: pdftex.def 2025/09/29 v1.2d Graphics/color driver for pdftex
))
\Gin@req@height=\dimen154
\Gin@req@width=\dimen155
)
(C:\Users\micha\AppData\Local\Programs\MiKTeX\tex/latex/hyperref\hyperref.sty
Package: hyperref 2025-07-12 v7.01o Hypertext links for LaTeX

(C:\Users\micha\AppData\Local\Programs\MiKTeX\tex/generic/iftex\iftex.sty
Package: iftex 2024/12/12 v1.0g TeX engine tests
)
(C:\Users\micha\AppData\Local\Programs\MiKTeX\tex/latex/kvsetkeys\kvsetkeys.sty
Package: kvsetkeys 2022-10-05 v1.19 Key value parser (HO)
)
(C:\Users\micha\AppData\Local\Programs\MiKTeX\tex/generic/kvdefinekeys\kvdefine
keys.sty
Package: kvdefinekeys 2019-12-19 v1.6 Define keys (HO)
)
(C:\Users\micha\AppData\Local\Programs\MiKTeX\tex/generic/pdfescape\pdfescape.s
ty
Package: pdfescape 2019/12/09 v1.15 Implements pdfTeX's escape features (HO)

(C:\Users\micha\AppData\Local\Programs\MiKTeX\tex/generic/ltxcmds\ltxcmds.sty
Package: ltxcmds 2023-12-04 v1.26 LaTeX kernel commands for general use (HO)
)
(C:\Users\micha\AppData\Local\Programs\MiKTeX\tex/generic/pdftexcmds\pdftexcmds
.sty
Package: pdftexcmds 2020-06-27 v0.33 Utility functions of pdfTeX for LuaTeX (HO
)

(C:\Users\micha\AppData\Local\Programs\MiKTeX\tex/generic/infwarerr\infwarerr.s
ty
Package: infwarerr 2019/12/03 v1.5 Providing info/warning/error messages (HO)
)
Package pdftexcmds Info: \pdf@primitive is available.
Package pdftexcmds Info: \pdf@ifprimitive is available.
Package pdftexcmds Info: \pdfdraftmode found.
))
(C:\Users\micha\AppData\Local\Programs\MiKTeX\tex/latex/hycolor\hycolor.sty
Package: hycolor 2020-01-27 v1.10 Color options for hyperref/bookmark (HO)
)
(C:\Users\micha\AppData\Local\Programs\MiKTeX\tex/latex/hyperref\nameref.sty
Package: nameref 2025-06-21 v2.57 Cross-referencing by name of section

(C:\Users\micha\AppData\Local\Programs\MiKTeX\tex/latex/refcount\refcount.sty
Package: refcount 2019/12/15 v3.6 Data extraction from label references (HO)
)
(C:\Users\micha\AppData\Local\Programs\MiKTeX\tex/generic/gettitlestring\gettit
lestring.sty
Package: gettitlestring 2019/12/15 v1.6 Cleanup title references (HO)

(C:\Users\micha\AppData\Local\Programs\MiKTeX\tex/latex/kvoptions\kvoptions.sty
Package: kvoptions 2022-06-15 v3.15 Key value format for package options (HO)
))
\c@section@level=\count283
)
(C:\Users\micha\AppData\Local\Programs\MiKTeX\tex/latex/etoolbox\etoolbox.sty
Package: etoolbox 2025/10/02 v2.5m e-TeX tools for LaTeX (JAW)
\etb@tempcnta=\count284
)
(C:\Users\micha\AppData\Local\Programs\MiKTeX\tex/generic/stringenc\stringenc.s
ty
Package: stringenc 2019/11/29 v1.12 Convert strings between diff. encodings (HO
)
)
\@linkdim=\dimen156
\Hy@linkcounter=\count285
\Hy@pagecounter=\count286
 (C:\Users\micha\AppData\Local\Programs\MiKTeX\tex/latex/hyperref\pd1enc.def
File: pd1enc.def 2025-07-12 v7.01o Hyperref: PDFDocEncoding definition (HO)
Now handling font encoding PD1 ...
... no UTF-8 mapping file for font encoding PD1
) (C:\Users\micha\AppData\Local\Programs\MiKTeX\tex/generic/intcalc\intcalc.sty
Package: intcalc 2019/12/15 v1.3 Expandable calculations with integers (HO)
)
\Hy@SavedSpaceFactor=\count287
 (C:\Users\micha\AppData\Local\Programs\MiKTeX\tex/latex/hyperref\puenc.def
File: puenc.def 2025-07-12 v7.01o Hyperref: PDF Unicode definition (HO)
Now handling font encoding PU ...
... no UTF-8 mapping file for font encoding PU
)
Package hyperref Info: Hyper figures OFF on input line 4195.
Package hyperref Info: Link nesting OFF on input line 4200.
Package hyperref Info: Hyper index ON on input line 4203.
Package hyperref Info: Plain pages OFF on input line 4210.
Package hyperref Info: Backreferencing ON on input line 4213.
Package hyperref Info: Implicit mode ON; LaTeX internals redefined.
Package hyperref Info: Bookmarks ON on input line 4462.

(C:\Users\micha\AppData\Local\Programs\MiKTeX\tex/latex/hyperref\backref.sty
Package: backref 2025-06-21 v1.45 Bibliographical back referencing

(C:\Users\micha\AppData\Local\Programs\MiKTeX\tex/latex/rerunfilecheck\rerunfil
echeck.sty
Package: rerunfilecheck 2025-06-21 v1.11 Rerun checks for auxiliary files (HO)

(C:\Users\micha\AppData\Local\Programs\MiKTeX\tex/generic/uniquecounter\uniquec
ounter.sty
Package: uniquecounter 2019/12/15 v1.4 Provide unlimited unique counter (HO)

(C:\Users\micha\AppData\Local\Programs\MiKTeX\tex/generic/bigintcalc\bigintcalc
.sty
Package: bigintcalc 2019/12/15 v1.5 Expandable calculations on big integers (HO
)
))
Package uniquecounter Info: New unique counter `rerunfilecheck' on input line 2
84.
))
\c@Hy@tempcnt=\count288
 (C:\Users\micha\AppData\Local\Programs\MiKTeX\tex/latex/url\url.sty
\Urlmuskip=\muskip17
Package: url 2013/09/16  ver 3.4  Verb mode for urls, etc.
)
LaTeX Info: Redefining \url on input line 4801.
\XeTeXLinkMargin=\dimen157

(C:\Users\micha\AppData\Local\Programs\MiKTeX\tex/generic/bitset\bitset.sty
Package: bitset 2019/12/09 v1.3 Handle bit-vector datatype (HO)
)
\Fld@menulength=\count289
\Field@Width=\dimen158
\Fld@charsize=\dimen159
Package hyperref Info: Hyper figures OFF on input line 6078.
Package hyperref Info: Link nesting OFF on input line 6083.
Package hyperref Info: Hyper index ON on input line 6086.
Package hyperref Info: backreferencing ON on input line 6091.
Package hyperref Info: Link coloring OFF on input line 6098.
Package hyperref Info: Link coloring with OCG OFF on input line 6103.
Package hyperref Info: PDF/A mode OFF on input line 6108.
\Hy@abspage=\count290
\c@Item=\count291
\c@Hfootnote=\count292
)
Package hyperref Info: Driver (autodetected): hpdftex.

(C:\Users\micha\AppData\Local\Programs\MiKTeX\tex/latex/hyperref\hpdftex.def
File: hpdftex.def 2025-07-12 v7.01o Hyperref driver for pdfTeX
\Fld@listcount=\count293
\c@bookmark@seq@number=\count294
\Hy@SectionHShift=\skip53
)
(C:\Users\micha\AppData\Local\Programs\MiKTeX\tex/latex/xcolor\xcolor.sty
Package: xcolor 2024/09/29 v3.02 LaTeX color extensions (UK)

(C:\Users\micha\AppData\Local\Programs\MiKTeX\tex/latex/graphics-cfg\color.cfg
File: color.cfg 2016/01/02 v1.6 sample color configuration
)
Package xcolor Info: Driver file: pdftex.def on input line 274.
(C:\Users\micha\AppData\Local\Programs\MiKTeX\tex/latex/graphics\mathcolor.ltx)
Package xcolor Info: Model `cmy' substituted by `cmy0' on input line 1349.
Package xcolor Info: Model `hsb' substituted by `rgb' on input line 1353.
Package xcolor Info: Model `RGB' extended on input line 1365.
Package xcolor Info: Model `HTML' substituted by `rgb' on input line 1367.
Package xcolor Info: Model `Hsb' substituted by `hsb' on input line 1368.
Package xcolor Info: Model `tHsb' substituted by `hsb' on input line 1369.
Package xcolor Info: Model `HSB' substituted by `hsb' on input line 1370.
Package xcolor Info: Model `Gray' substituted by `gray' on input line 1371.
Package xcolor Info: Model `wave' substituted by `hsb' on input line 1372.
)
Package hyperref Info: Option `colorlinks' set `true' on input line 11.
 (C:\Users\micha\AppData\Local\Programs\MiKTeX\tex/latex/setspace\setspace.sty
Package: setspace 2022/12/04 v6.7b set line spacing
) (C:\Users\micha\AppData\Local\Programs\MiKTeX\tex/latex/caption\caption.sty
Package: caption 2023/08/05 v3.6o Customizing captions (AR)

(C:\Users\micha\AppData\Local\Programs\MiKTeX\tex/latex/caption\caption3.sty
Package: caption3 2023/07/31 v2.4d caption3 kernel (AR)
\caption@tempdima=\dimen160
\captionmargin=\dimen161
\caption@leftmargin=\dimen162
\caption@rightmargin=\dimen163
\caption@width=\dimen164
\caption@indent=\dimen165
\caption@parindent=\dimen166
\caption@hangindent=\dimen167
Package caption Info: Standard document class detected.
)
\c@caption@flags=\count295
\c@continuedfloat=\count296
Package caption Info: hyperref package is loaded.
)
(C:\Users\micha\AppData\Local\Programs\MiKTeX\tex/latex/amsmath\amsmath.sty
Package: amsmath 2025/07/09 v2.17z AMS math features
\@mathmargin=\skip54

For additional information on amsmath, use the `?' option.
(C:\Users\micha\AppData\Local\Programs\MiKTeX\tex/latex/amsmath\amstext.sty
Package: amstext 2024/11/17 v2.01 AMS text

(C:\Users\micha\AppData\Local\Programs\MiKTeX\tex/latex/amsmath\amsgen.sty
File: amsgen.sty 1999/11/30 v2.0 generic functions
\@emptytoks=\toks19
\ex@=\dimen168
))
(C:\Users\micha\AppData\Local\Programs\MiKTeX\tex/latex/amsmath\amsbsy.sty
Package: amsbsy 1999/11/29 v1.2d Bold Symbols
\pmbraise@=\dimen169
)
(C:\Users\micha\AppData\Local\Programs\MiKTeX\tex/latex/amsmath\amsopn.sty
Package: amsopn 2022/04/08 v2.04 operator names
)
\inf@bad=\count297
LaTeX Info: Redefining \frac on input line 233.
\uproot@=\count298
\leftroot@=\count299
LaTeX Info: Redefining \overline on input line 398.
LaTeX Info: Redefining \colon on input line 409.
\classnum@=\count300
\DOTSCASE@=\count301
LaTeX Info: Redefining \ldots on input line 495.
LaTeX Info: Redefining \dots on input line 498.
LaTeX Info: Redefining \cdots on input line 619.
\Mathstrutbox@=\box54
\strutbox@=\box55
LaTeX Info: Redefining \big on input line 721.
LaTeX Info: Redefining \Big on input line 722.
LaTeX Info: Redefining \bigg on input line 723.
LaTeX Info: Redefining \Bigg on input line 724.
\big@size=\dimen170
LaTeX Font Info:    Redeclaring font encoding OML on input line 742.
LaTeX Font Info:    Redeclaring font encoding OMS on input line 743.
\macc@depth=\count302
LaTeX Info: Redefining \bmod on input line 904.
LaTeX Info: Redefining \pmod on input line 909.
LaTeX Info: Redefining \smash on input line 939.
LaTeX Info: Redefining \relbar on input line 969.
LaTeX Info: Redefining \Relbar on input line 970.
\c@MaxMatrixCols=\count303
\dotsspace@=\muskip18
\c@parentequation=\count304
\dspbrk@lvl=\count305
\tag@help=\toks20
\row@=\count306
\column@=\count307
\maxfields@=\count308
\andhelp@=\toks21
\eqnshift@=\dimen171
\alignsep@=\dimen172
\tagshift@=\dimen173
\tagwidth@=\dimen174
\totwidth@=\dimen175
\lineht@=\dimen176
\@envbody=\toks22
\multlinegap=\skip55
\multlinetaggap=\skip56
\mathdisplay@stack=\toks23
LaTeX Info: Redefining \[ on input line 2950.
LaTeX Info: Redefining \] on input line 2951.
)
(C:\Users\micha\AppData\Local\Programs\MiKTeX\tex/latex/amsfonts\amssymb.sty
Package: amssymb 2013/01/14 v3.01 AMS font symbols

(C:\Users\micha\AppData\Local\Programs\MiKTeX\tex/latex/amsfonts\amsfonts.sty
Package: amsfonts 2013/01/14 v3.01 Basic AMSFonts support
\symAMSa=\mathgroup4
\symAMSb=\mathgroup5
LaTeX Font Info:    Redeclaring math symbol \hbar on input line 98.
LaTeX Font Info:    Overwriting math alphabet `\mathfrak' in version `bold'
(Font)                  U/euf/m/n --> U/euf/b/n on input line 106.
)) (C:\Users\micha\AppData\Local\Programs\MiKTeX\tex/latex/float\float.sty
Package: float 2001/11/08 v1.3d Float enhancements (AL)
\c@float@type=\count309
\float@exts=\toks24
\float@box=\box56
\@float@everytoks=\toks25
\@floatcapt=\box57
)
(C:\Users\micha\AppData\Local\Programs\MiKTeX\tex/latex/geometry\geometry.sty
Package: geometry 2026/03/07 v6.0 Page Geometry

(C:\Users\micha\AppData\Local\Programs\MiKTeX\tex/generic/iftex\ifvtex.sty
Package: ifvtex 2019/10/25 v1.7 ifvtex legacy package. Use iftex instead.
)
\Gm@cnth=\count310
\Gm@cntv=\count311
\c@Gm@tempcnt=\count312
\Gm@bindingoffset=\dimen177
\Gm@wd@mp=\dimen178
\Gm@odd@mp=\dimen179
\Gm@even@mp=\dimen180
\Gm@layoutwidth=\dimen181
\Gm@layoutheight=\dimen182
\Gm@layouthoffset=\dimen183
\Gm@layoutvoffset=\dimen184
\Gm@dimlist=\toks26

(C:\Users\micha\AppData\Local\Programs\MiKTeX\tex/latex/geometry\geometry.cfg))
(C:\Users\micha\AppData\Local\Programs\MiKTeX\tex/latex/multirow\multirow.sty
Package: multirow 2024/11/12 v2.9 Span multiple rows of a table
\multirow@colwidth=\skip57
\multirow@cntb=\count313
\multirow@dima=\skip58
\bigstrutjot=\dimen185
)
(C:\Users\micha\AppData\Local\Programs\MiKTeX\tex/latex/mhchem\mhchem.sty
Package: mhchem 2024/01/29 v4.10 for typesetting chemical formulae

(C:\Users\micha\AppData\Local\Programs\MiKTeX\tex/latex/l3kernel\expl3.sty
Package: expl3 2025-12-24 L3 programming layer (loader) 

(C:\Users\micha\AppData\Local\Programs\MiKTeX\tex/latex/l3backend\l3backend-pdf
tex.def
File: l3backend-pdftex.def 2025-10-09 L3 backend support: PDF output (pdfTeX)
\l__color_backend_stack_int=\count314
))
(C:\Users\micha\AppData\Local\Programs\MiKTeX\tex/latex/l3packages/l3keys2e\l3k
eys2e.sty
Package: l3keys2e 2025-10-09 LaTeX2e option processing using LaTeX3 keys
)
(C:\Users\micha\AppData\Local\Programs\MiKTeX\tex/latex/tools\calc.sty
Package: calc 2025/03/01 v4.3b Infix arithmetic (KKT,FJ)
\calc@Acount=\count315
\calc@Bcount=\count316
\calc@Adimen=\dimen186
\calc@Bdimen=\dimen187
\calc@Askip=\skip59
\calc@Bskip=\skip60
LaTeX Info: Redefining \setlength on input line 86.
LaTeX Info: Redefining \addtolength on input line 87.
\calc@Ccount=\count317
\calc@Cskip=\skip61
)
(C:\Users\micha\AppData\Local\Programs\MiKTeX\tex/latex/chemgreek\chemgreek.sty

(C:\Users\micha\AppData\Local\Programs\MiKTeX\tex/latex/l3packages/xparse\xpars
e.sty
Package: xparse 2025-10-09 L3 Experimental document command parser
)
Package: chemgreek 2020/01/16 v1.1a interface for upright Greek letters for use
 in chemistry (CN)
\l__chemgreek_tmpa_int=\count318
\g__chemgreek_tmpa_int=\count319
)
\l__mhchem_ce_distanceFromLastComma_int=\count320
\__mhchem_arrow_extPgfLength_skip=\skip62
\mhchem@minispace@tmp=\skip63
\mhchem@minibackspace@tmp=\skip64
\mhchem@bondwidth=\skip65
\mhchem@bondheight=\skip66
\mhchem@smallbondwidth@tmpA=\skip67
\mhchem@smallbondwidth@tmpB=\skip68
\mhchem@smallbondwidth=\skip69
\mhchem@bondtmp@minussidebearingleft=\skip70
\mhchem@bondtmp@minussidebearingright=\skip71
\l__mhchem_option_version_int=\count321
\mhchem@option@minusmathsidebearingleft=\dimen188
\mhchem@option@minusmathsidebearingright=\dimen189
\mhchem@option@minustextsidebearingleft=\dimen190
\mhchem@option@minustextsidebearingright=\dimen191
)
(C:\Users\micha\AppData\Local\Programs\MiKTeX\tex/latex/subfig\subfig.sty
Package: subfig 2005/06/28 ver: 1.3 subfig package
\c@KVtest=\count322
\sf@farskip=\skip72
\sf@captopadj=\dimen192
\sf@capskip=\skip73
\sf@nearskip=\skip74
\c@subfigure=\count323
\c@subfigure@save=\count324
\c@lofdepth=\count325
\c@subtable=\count326
\c@subtable@save=\count327
\c@lotdepth=\count328
\sf@top=\skip75
\sf@bottom=\skip76
)
(C:\Users\micha\AppData\Local\Programs\MiKTeX\tex/latex/base\textcomp.sty
Package: textcomp 2024/04/24 v2.1b Standard LaTeX package
)
(C:\Users\micha\AppData\Local\Programs\MiKTeX\tex/latex/base\inputenc.sty
Package: inputenc 2024/02/08 v1.3d Input encoding file
\inpenc@prehook=\toks27
\inpenc@posthook=\toks28
)
(C:\Users\micha\AppData\Local\Programs\MiKTeX\tex/generic/babel\babel.sty
Package: babel 2025/12/11 v25.17 The multilingual framework for LuaLaTeX, pdfLa
TeX and XeLaTeX
\babel@savecnt=\count329
LaTeX Encoding Info:    Redeclaring text command \ij (encoding OT1) on input li
ne 2068.
LaTeX Encoding Info:    Redeclaring text command \IJ (encoding OT1) on input li
ne 2070.
LaTeX Encoding Info:    Redeclaring text command \ij (encoding T1) on input lin
e 2072.
LaTeX Encoding Info:    Redeclaring text command \IJ (encoding T1) on input lin
e 2073.
LaTeX Encoding Info:    Ignoring declaration for text command \ij (encoding ?) 
on input line 2074.
LaTeX Encoding Info:    Ignoring declaration for text command \IJ (encoding ?) 
on input line 2076.
LaTeX Encoding Info:    Ignoring declaration for text command \SS (encoding ?) 
on input line 2101.
\U@D=\dimen193
\l@unhyphenated=\language79

(C:\Users\micha\AppData\Local\Programs\MiKTeX\tex/generic/babel\txtbabel.def)
\bbl@readstream=\read2
\bbl@dirlevel=\count330
Package babel Info: Configuration files are deprecated, as
(babel)             they can break document portability.
(babel)             Reported on input line 4196.

*************************************
* Local config file bblopts.cfg used
*
(C:\Users\micha\AppData\Local\Programs\MiKTeX\tex/latex/arabi\bblopts.cfg
File: bblopts.cfg 2005/09/08 v0.1 add Arabic and Farsi to "declared" options of
 babel
)
(C:\Users\micha\AppData\Local\Programs\MiKTeX\tex/generic/babel/locale/en\babel
-english.tex)
Package babel Info: Importing font and identification data for english
(babel)             from babel-en.ini. Reported on input line 4320.

(C:\Users\micha\AppData\Local\Programs\MiKTeX\tex/latex/babel-english\english.l
df
Language: english 2017/06/06 v3.3r English support from the babel system
Package babel Info: Hyphen rules for 'canadian' set to \l@english
(babel)             (\language0). Reported on input line 102.
Package babel Info: Hyphen rules for 'australian' set to \l@ukenglish
(babel)             (\language73). Reported on input line 105.
Package babel Info: Hyphen rules for 'newzealand' set to \l@ukenglish
(babel)             (\language73). Reported on input line 108.
)) (C:\Users\micha\AppData\Local\Programs\MiKTeX\tex/latex/was\upgreek.sty
Package: upgreek 2003/02/12 v2.0 (WaS)
Package upgreek Info: Using Euler Roman for upright Greek on input line 31.
\symugrf@m=\mathgroup6
LaTeX Font Info:    Overwriting symbol font `ugrf@m' in version `bold'
(Font)                  U/eur/m/n --> U/eur/b/n on input line 38.
)
(C:\Users\micha\AppData\Local\Programs\MiKTeX\tex/latex/caption\subcaption.sty
Package: subcaption 2023/07/28 v1.6b Sub-captions (AR)
LaTeX Info: Redefining \subref on input line 189.
Package subcaption Info: The counter `subfigure' was already defined by
(subcaption)             \newsubfloat (offered by the subfig package) on input 
line 238.
Package subcaption Info: The counter `subtable' was already defined by
(subcaption)             \newsubfloat (offered by the subfig package) on input 
line 238.
))
(E:\codeshit\PHYS-469\XRD-code\XRAY_LAB\tex_output\verify_indexing_36980a65e6f3
4bb986485af727139afb\Proj1-Final-XRD-Shukri-Weltz.aux)
\openout1 = `Proj1-Final-XRD-Shukri-Weltz.aux'.

LaTeX Font Info:    Checking defaults for OML/cmm/m/it on input line 11.
LaTeX Font Info:    ... okay on input line 11.
LaTeX Font Info:    Checking defaults for OMS/cmsy/m/n on input line 11.
LaTeX Font Info:    ... okay on input line 11.
LaTeX Font Info:    Checking defaults for OT1/cmr/m/n on input line 11.
LaTeX Font Info:    ... okay on input line 11.
LaTeX Font Info:    Checking defaults for T1/cmr/m/n on input line 11.
LaTeX Font Info:    ... okay on input line 11.
LaTeX Font Info:    Checking defaults for TS1/cmr/m/n on input line 11.
LaTeX Font Info:    ... okay on input line 11.
LaTeX Font Info:    Checking defaults for OMX/cmex/m/n on input line 11.
LaTeX Font Info:    ... okay on input line 11.
LaTeX Font Info:    Checking defaults for U/cmr/m/n on input line 11.
LaTeX Font Info:    ... okay on input line 11.
LaTeX Font Info:    Checking defaults for PD1/pdf/m/n on input line 11.
LaTeX Font Info:    ... okay on input line 11.
LaTeX Font Info:    Checking defaults for PU/pdf/m/n on input line 11.
LaTeX Font Info:    ... okay on input line 11.

(C:\Users\micha\AppData\Local\Programs\MiKTeX\tex/context/base/mkii\supp-pdf.mk
ii
[Loading MPS to PDF converter (version 2006.09.02).]
\scratchcounter=\count331
\scratchdimen=\dimen194
\scratchbox=\box58
\nofMPsegments=\count332
\nofMParguments=\count333
\everyMPshowfont=\toks29
\MPscratchCnt=\count334
\MPscratchDim=\dimen195
\MPnumerator=\count335
\makeMPintoPDFobject=\count336
\everyMPtoPDFconversion=\toks30
)
(C:\Users\micha\AppData\Local\Programs\MiKTeX\tex/latex/epstopdf-pkg\epstopdf-b
ase.sty
Package: epstopdf-base 2020-01-24 v2.11 Base part for package epstopdf
Package epstopdf-base Info: Redefining graphics rule for `.eps' on input line 4
85.

(C:\Users\micha\AppData\Local\Programs\MiKTeX\tex/latex/00miktex\epstopdf-sys.c
fg
File: epstopdf-sys.cfg 2021/03/18 v2.0 Configuration of epstopdf for MiKTeX
))
Package hyperref Info: Link coloring ON on input line 11.

(E:\codeshit\PHYS-469\XRD-code\XRAY_LAB\tex_output\verify_indexing_36980a65e6f3
4bb986485af727139afb\Proj1-Final-XRD-Shukri-Weltz.out)
(E:\codeshit\PHYS-469\XRD-code\XRAY_LAB\tex_output\verify_indexing_36980a65e6f3
4bb986485af727139afb\Proj1-Final-XRD-Shukri-Weltz.out)
\@outlinefile=\write3
\openout3 = `Proj1-Final-XRD-Shukri-Weltz.out'.

Package caption Info: Begin \AtBeginDocument code.
Package caption Info: subfig package v1.3 is loaded.
Package caption Info: float package is loaded.
Package caption Info: End \AtBeginDocument code.

*geometry* driver: auto-detecting
*geometry* detected driver: pdftex
*geometry* verbose mode - [ preamble ] result:
* driver: pdftex
* paper: <default>
* layout: <same size as paper>
* layoutoffset:(h,v)=(0.0pt,0.0pt)
* modes: 
* h-part:(L,W,R)=(71.13188pt, 472.03123pt, 71.13188pt)
* v-part:(T,H,B)=(71.13188pt, 652.70622pt, 71.13188pt)
* \paperwidth=614.295pt
* \paperheight=794.96999pt
* \textwidth=472.03123pt
* \textheight=652.70622pt
* \oddsidemargin=-1.1381pt
* \evensidemargin=-1.1381pt
* \topmargin=-38.1381pt
* \headheight=12.0pt
* \headsep=25.0pt
* \topskip=12.0pt
* \footskip=30.0pt
* \marginparwidth=44.0pt
* \marginparsep=10.0pt
* \columnsep=10.0pt
* \skip\footins=10.8pt plus 4.0pt minus 2.0pt
* \hoffset=0.0pt
* \voffset=0.0pt
* \mag=1000
* \@twocolumnfalse
* \@twosidefalse
* \@mparswitchfalse
* \@reversemarginfalse
* (1in=72.27pt=25.4mm, 1cm=28.453pt)


Package chemgreek Info: Activating mapping `upgreek' on line 11.

[1

{C:/Users/micha/AppData/Local/MiKTeX/fonts/map/pdftex/pdftex.map}]
pdfTeX warning (ext4): destination with the same identifier (name{page.1}) has 
been already used, duplicate ignored
<to be read again> 
                   \relax 
l.69 \newpage
              [1]
(E:\codeshit\PHYS-469\XRD-code\XRAY_LAB\tex_output\verify_indexing_36980a65e6f3
4bb986485af727139afb\Proj1-Final-XRD-Shukri-Weltz.toc
LaTeX Font Info:    Trying to load font information for U+msa on input line 4.

(C:\Users\micha\AppData\Local\Programs\MiKTeX\tex/latex/amsfonts\umsa.fd
File: umsa.fd 2013/01/14 v3.01 AMS symbols A
)
LaTeX Font Info:    Trying to load font information for U+msb on input line 4.

(C:\Users\micha\AppData\Local\Programs\MiKTeX\tex/latex/amsfonts\umsb.fd
File: umsb.fd 2013/01/14 v3.01 AMS symbols B
))
\tf@toc=\write4
\openout4 = `Proj1-Final-XRD-Shukri-Weltz.toc'.


[2]
pdfTeX warning (ext4): destination with the same identifier (name{page.1}) has 
been already used, duplicate ignored
<to be read again> 
                   \relax 
l.125 
       [1]
<figures/Instr_1.JPG, id=102, 971.3088pt x 728.4816pt>
File: figures/Instr_1.JPG Graphic file (type jpg)
<use figures/Instr_1.JPG>
Package pdftex.def Info: figures/Instr_1.JPG  used on input line 145.
(pdftex.def)             Requested size: 188.8096pt x 141.60315pt.

pdfTeX warning (ext4): destination with the same identifier (name{page.2}) has 
been already used, duplicate ignored
<to be read again> 
                   \relax 
l.149 
       [2] [3 <./figures/Instr_1.JPG>]
<figures/cu_diff.png, id=122, 901.3675pt x 282.05376pt>
File: figures/cu_diff.png Graphic file (type png)
<use figures/cu_diff.png>
Package pdftex.def Info: figures/cu_diff.png  used on input line 220.
(pdftex.def)             Requested size: 472.03123pt x 147.7103pt.
 [4 <./figures/cu_diff.png>] [5]
<figures/cubic_lattice_and_parameter_fit_Cu&Ni_new.png, id=141, 559.3698pt x 96
7.6953pt>
File: figures/cubic_lattice_and_parameter_fit_Cu&Ni_new.png Graphic file (type 
png)
<use figures/cubic_lattice_and_parameter_fit_Cu&Ni_new.png>
Package pdftex.def Info: figures/cubic_lattice_and_parameter_fit_Cu&Ni_new.png 
 used on input line 295.
(pdftex.def)             Requested size: 377.62642pt x 653.29904pt.
 [6]
Overfull \vbox (25.0928pt too high) has occurred while \output is active []


[7 <./figures/cubic_lattice_and_parameter_fit_Cu&Ni_new.png>] [8] [9] [10]
No file Proj1-Final-XRD-Shukri-Weltz.bbl.
<figures/brav_lat.png, id=170, 482.80376pt x 508.90125pt>
File: figures/brav_lat.png Graphic file (type png)
<use figures/brav_lat.png>
Package pdftex.def Info: figures/brav_lat.png  used on input line 382.
(pdftex.def)             Requested size: 188.8096pt x 199.01425pt.
[11 <./figures/brav_lat.png>] [12]
<figures/indexing tables/Cu25Ni75.png, id=182, 1308.087pt x 259.4493pt>
File: figures/indexing tables/Cu25Ni75.png Graphic file (type png)
<use figures/indexing tables/Cu25Ni75.png>
Package pdftex.def Info: figures/indexing tables/Cu25Ni75.png  used on input li
ne 429.
(pdftex.def)             Requested size: 226.5634pt x 44.93715pt.
<figures/indexing tables/Cu50Ni50.png, id=183, 1308.087pt x 259.4493pt>
File: figures/indexing tables/Cu50Ni50.png Graphic file (type png)
<use figures/indexing tables/Cu50Ni50.png>
Package pdftex.def Info: figures/indexing tables/Cu50Ni50.png  used on input li
ne 429.
(pdftex.def)             Requested size: 226.5634pt x 44.93715pt.
<figures/indexing tables/Cu75Ni25.png, id=184, 1308.087pt x 259.4493pt>
File: figures/indexing tables/Cu75Ni25.png Graphic file (type png)
<use figures/indexing tables/Cu75Ni25.png>
Package pdftex.def Info: figures/indexing tables/Cu75Ni25.png  used on input li
ne 430.
(pdftex.def)             Requested size: 226.5634pt x 44.93715pt.
<figures/indexing tables/Ni.png, id=185, 1308.087pt x 259.4493pt>
File: figures/indexing tables/Ni.png Graphic file (type png)
<use figures/indexing tables/Ni.png>
Package pdftex.def Info: figures/indexing tables/Ni.png  used on input line 430
.
(pdftex.def)             Requested size: 226.5634pt x 44.93715pt.
<figures/indexing tables/Sn.png, id=186, 1076.1003pt x 563.706pt>
File: figures/indexing tables/Sn.png Graphic file (type png)
<use figures/indexing tables/Sn.png>
Package pdftex.def Info: figures/indexing tables/Sn.png  used on input line 431
.
(pdftex.def)             Requested size: 174.4291pt x 91.3732pt.
<figures/indexing tables/Pb25Sn75.png, id=187, 1076.1003pt x 593.3367pt>
File: figures/indexing tables/Pb25Sn75.png Graphic file (type png)
<use figures/indexing tables/Pb25Sn75.png>
Package pdftex.def Info: figures/indexing tables/Pb25Sn75.png  used on input li
ne 431.
(pdftex.def)             Requested size: 165.72652pt x 91.37775pt.
<figures/indexing tables/Pb50Sn50.png, id=188, 1076.1003pt x 563.706pt>
File: figures/indexing tables/Pb50Sn50.png Graphic file (type png)
<use figures/indexing tables/Pb50Sn50.png>
Package pdftex.def Info: figures/indexing tables/Pb50Sn50.png  used on input li
ne 432.
(pdftex.def)             Requested size: 174.4291pt x 91.3732pt.
<figures/indexing tables/Pb75Sn25.png, id=189, 1076.1003pt x 502.2765pt>
File: figures/indexing tables/Pb75Sn25.png Graphic file (type png)
<use figures/indexing tables/Pb75Sn25.png>
Package pdftex.def Info: figures/indexing tables/Pb75Sn25.png  used on input li
ne 432.
(pdftex.def)             Requested size: 195.7586pt x 91.37154pt.
<figures/indexing tables/A.png, id=190, 1308.087pt x 259.4493pt>
File: figures/indexing tables/A.png Graphic file (type png)
<use figures/indexing tables/A.png>
Package pdftex.def Info: figures/indexing tables/A.png  used on input line 433.

(pdftex.def)             Requested size: 226.5634pt x 44.93715pt.
 [13

 <./figures/indexing tables/Cu25Ni75.png> <./figures/indexing tables/Cu50Ni50.p
ng> <./figures/indexing tables/Cu75Ni25.png> <./figures/indexing tables/Ni.png>
 <./figures/indexing tables/Sn.png> <./figures/indexing tables/Pb25Sn75.png> <.
/figures/indexing tables/Pb50Sn50.png> <./figures/indexing tables/Pb75Sn25.png>
 <./figures/indexing tables/A.png>]
[14

]
<figures/all_figures_with_residuals/Cu_10-09-26_2.png, id=208, 714.7503pt x 498
.663pt>
File: figures/all_figures_with_residuals/Cu_10-09-26_2.png Graphic file (type p
ng)
<use figures/all_figures_with_residuals/Cu_10-09-26_2.png>
Package pdftex.def Info: figures/all_figures_with_residuals/Cu_10-09-26_2.png  
used on input line 451.
(pdftex.def)             Requested size: 215.16837pt x 150.11746pt.
<figures/all_figures_with_residuals/Ni_08-09-26.png, id=209, 714.7503pt x 498.6
63pt>
File: figures/all_figures_with_residuals/Ni_08-09-26.png Graphic file (type png
)
<use figures/all_figures_with_residuals/Ni_08-09-26.png>
Package pdftex.def Info: figures/all_figures_with_residuals/Ni_08-09-26.png  us
ed on input line 451.
(pdftex.def)             Requested size: 215.16837pt x 150.11746pt.
<figures/all_figures_with_residuals/Ni_10-09-26.png, id=210, 714.7503pt x 498.6
63pt>
File: figures/all_figures_with_residuals/Ni_10-09-26.png Graphic file (type png
)
<use figures/all_figures_with_residuals/Ni_10-09-26.png>
Package pdftex.def Info: figures/all_figures_with_residuals/Ni_10-09-26.png  us
ed on input line 452.
(pdftex.def)             Requested size: 215.16837pt x 150.11746pt.
<figures/all_figures_with_residuals/Ni_10-09-26_2.png, id=211, 714.7503pt x 498
.663pt>
File: figures/all_figures_with_residuals/Ni_10-09-26_2.png Graphic file (type p
ng)
<use figures/all_figures_with_residuals/Ni_10-09-26_2.png>
Package pdftex.def Info: figures/all_figures_with_residuals/Ni_10-09-26_2.png  
used on input line 452.
(pdftex.def)             Requested size: 215.16837pt x 150.11746pt.
<figures/all_figures_with_residuals/Cu25Ni75_14-09-26.png, id=212, 714.7503pt x
 498.663pt>
File: figures/all_figures_with_residuals/Cu25Ni75_14-09-26.png Graphic file (ty
pe png)
<use figures/all_figures_with_residuals/Cu25Ni75_14-09-26.png>
Package pdftex.def Info: figures/all_figures_with_residuals/Cu25Ni75_14-09-26.p
ng  used on input line 453.
(pdftex.def)             Requested size: 215.16837pt x 150.11746pt.
<figures/all_figures_with_residuals/Cu25Ni75_29-09-26.png, id=213, 714.7503pt x
 498.663pt>
File: figures/all_figures_with_residuals/Cu25Ni75_29-09-26.png Graphic file (ty
pe png)
<use figures/all_figures_with_residuals/Cu25Ni75_29-09-26.png>
Package pdftex.def Info: figures/all_figures_with_residuals/Cu25Ni75_29-09-26.p
ng  used on input line 453.
(pdftex.def)             Requested size: 215.16837pt x 150.11746pt.
<figures/all_figures_with_residuals/Cu50Ni50_14-09-26.png, id=214, 714.7503pt x
 498.663pt>
File: figures/all_figures_with_residuals/Cu50Ni50_14-09-26.png Graphic file (ty
pe png)
<use figures/all_figures_with_residuals/Cu50Ni50_14-09-26.png>
Package pdftex.def Info: figures/all_figures_with_residuals/Cu50Ni50_14-09-26.p
ng  used on input line 454.
(pdftex.def)             Requested size: 215.16837pt x 150.11746pt.
<figures/all_figures_with_residuals/Cu50Ni50_29-09-26.png, id=215, 714.7503pt x
 498.663pt>
File: figures/all_figures_with_residuals/Cu50Ni50_29-09-26.png Graphic file (ty
pe png)
<use figures/all_figures_with_residuals/Cu50Ni50_29-09-26.png>
Package pdftex.def Info: figures/all_figures_with_residuals/Cu50Ni50_29-09-26.p
ng  used on input line 454.
(pdftex.def)             Requested size: 215.16837pt x 150.11746pt.
 [15 <./figures/all_figures_with_residuals/Cu_10-09-26_2.png> <./figures/all_fi
gures_with_residuals/Ni_08-09-26.png> <./figures/all_figures_with_residuals/Ni_
10-09-26.png> <./figures/all_figures_with_residuals/Ni_10-09-26_2.png> <./figur
es/all_figures_with_residuals/Cu25Ni75_14-09-26.png> <./figures/all_figures_wit
h_residuals/Cu25Ni75_29-09-26.png> <./figures/all_figures_with_residuals/Cu50Ni
50_14-09-26.png> <./figures/all_figures_with_residuals/Cu50Ni50_29-09-26.png>]
<figures/all_figures_with_residuals/Cu75Ni25_14-09-26.png, id=228, 714.7503pt x
 498.663pt>
File: figures/all_figures_with_residuals/Cu75Ni25_14-09-26.png Graphic file (ty
pe png)
<use figures/all_figures_with_residuals/Cu75Ni25_14-09-26.png>
Package pdftex.def Info: figures/all_figures_with_residuals/Cu75Ni25_14-09-26.p
ng  used on input line 462.
(pdftex.def)             Requested size: 215.16837pt x 150.11746pt.
<figures/all_figures_with_residuals/Cu75Ni25_29-09-26.png, id=229, 714.7503pt x
 498.663pt>
File: figures/all_figures_with_residuals/Cu75Ni25_29-09-26.png Graphic file (ty
pe png)
<use figures/all_figures_with_residuals/Cu75Ni25_29-09-26.png>
Package pdftex.def Info: figures/all_figures_with_residuals/Cu75Ni25_29-09-26.p
ng  used on input line 462.
(pdftex.def)             Requested size: 215.16837pt x 150.11746pt.
<figures/all_figures_with_residuals/Pb_15-09-26.png, id=230, 714.7503pt x 498.6
63pt>
File: figures/all_figures_with_residuals/Pb_15-09-26.png Graphic file (type png
)
<use figures/all_figures_with_residuals/Pb_15-09-26.png>
Package pdftex.def Info: figures/all_figures_with_residuals/Pb_15-09-26.png  us
ed on input line 463.
(pdftex.def)             Requested size: 215.16837pt x 150.11746pt.
<figures/all_figures_with_residuals/Pb_24-09-26.png, id=231, 714.7503pt x 498.6
63pt>
File: figures/all_figures_with_residuals/Pb_24-09-26.png Graphic file (type png
)
<use figures/all_figures_with_residuals/Pb_24-09-26.png>
Package pdftex.def Info: figures/all_figures_with_residuals/Pb_24-09-26.png  us
ed on input line 463.
(pdftex.def)             Requested size: 215.16837pt x 150.11746pt.
<figures/all_figures_with_residuals/Sn_15-09-26.png, id=232, 720.5319pt x 498.6
63pt>
File: figures/all_figures_with_residuals/Sn_15-09-26.png Graphic file (type png
)
<use figures/all_figures_with_residuals/Sn_15-09-26.png>
Package pdftex.def Info: figures/all_figures_with_residuals/Sn_15-09-26.png  us
ed on input line 464.
(pdftex.def)             Requested size: 216.90886pt x 150.11746pt.
<figures/all_figures_with_residuals/Sn_24-09-26.png, id=233, 720.5319pt x 498.6
63pt>
File: figures/all_figures_with_residuals/Sn_24-09-26.png Graphic file (type png
)
<use figures/all_figures_with_residuals/Sn_24-09-26.png>
Package pdftex.def Info: figures/all_figures_with_residuals/Sn_24-09-26.png  us
ed on input line 464.
(pdftex.def)             Requested size: 216.90886pt x 150.11746pt.
<figures/all_figures_with_residuals/Pb25Sn75_05-10-26.png, id=234, 714.7503pt x
 498.663pt>
File: figures/all_figures_with_residuals/Pb25Sn75_05-10-26.png Graphic file (ty
pe png)
<use figures/all_figures_with_residuals/Pb25Sn75_05-10-26.png>
Package pdftex.def Info: figures/all_figures_with_residuals/Pb25Sn75_05-10-26.p
ng  used on input line 465.
(pdftex.def)             Requested size: 215.16837pt x 150.11746pt.
<figures/all_figures_with_residuals/Pb25Sn75_15-09-26.png, id=235, 714.7503pt x
 498.663pt>
File: figures/all_figures_with_residuals/Pb25Sn75_15-09-26.png Graphic file (ty
pe png)
<use figures/all_figures_with_residuals/Pb25Sn75_15-09-26.png>
Package pdftex.def Info: figures/all_figures_with_residuals/Pb25Sn75_15-09-26.p
ng  used on input line 465.
(pdftex.def)             Requested size: 215.16837pt x 150.11746pt.
 [16 <./figures/all_figures_with_residuals/Cu75Ni25_14-09-26.png> <./figures/al
l_figures_with_residuals/Cu75Ni25_29-09-26.png> <./figures/all_figures_with_res
iduals/Pb_15-09-26.png> <./figures/all_figures_with_residuals/Pb_24-09-26.png> 
<./figures/all_figures_with_residuals/Sn_15-09-26.png> <./figures/all_figures_w
ith_residuals/Sn_24-09-26.png> <./figures/all_figures_with_residuals/Pb25Sn75_0
5-10-26.png> <./figures/all_figures_with_residuals/Pb25Sn75_15-09-26.png>]
<figures/all_figures_with_residuals/Pb50Sn50_15-09-26.png, id=249, 714.7503pt x
 498.663pt>
File: figures/all_figures_with_residuals/Pb50Sn50_15-09-26.png Graphic file (ty
pe png)
<use figures/all_figures_with_residuals/Pb50Sn50_15-09-26.png>
Package pdftex.def Info: figures/all_figures_with_residuals/Pb50Sn50_15-09-26.p
ng  used on input line 473.
(pdftex.def)             Requested size: 215.16837pt x 150.11746pt.
<figures/all_figures_with_residuals/Pb50Sn50_24-09-26.png, id=250, 714.7503pt x
 498.663pt>
File: figures/all_figures_with_residuals/Pb50Sn50_24-09-26.png Graphic file (ty
pe png)
<use figures/all_figures_with_residuals/Pb50Sn50_24-09-26.png>
Package pdftex.def Info: figures/all_figures_with_residuals/Pb50Sn50_24-09-26.p
ng  used on input line 473.
(pdftex.def)             Requested size: 215.16837pt x 150.11746pt.
<figures/all_figures_with_residuals/Pb75Sn25_02-10-26.png, id=251, 714.7503pt x
 497.9403pt>
File: figures/all_figures_with_residuals/Pb75Sn25_02-10-26.png Graphic file (ty
pe png)
<use figures/all_figures_with_residuals/Pb75Sn25_02-10-26.png>
Package pdftex.def Info: figures/all_figures_with_residuals/Pb75Sn25_02-10-26.p
ng  used on input line 474.
(pdftex.def)             Requested size: 215.47374pt x 150.11264pt.
<figures/all_figures_with_residuals/Pb75Sn25_15-09-26.png, id=252, 714.7503pt x
 498.663pt>
File: figures/all_figures_with_residuals/Pb75Sn25_15-09-26.png Graphic file (ty
pe png)
<use figures/all_figures_with_residuals/Pb75Sn25_15-09-26.png>
Package pdftex.def Info: figures/all_figures_with_residuals/Pb75Sn25_15-09-26.p
ng  used on input line 474.
(pdftex.def)             Requested size: 215.16837pt x 150.11746pt.
<figures/all_figures_with_residuals/A_17-09-26.png, id=253, 714.7503pt x 498.66
3pt>
File: figures/all_figures_with_residuals/A_17-09-26.png Graphic file (type png)

<use figures/all_figures_with_residuals/A_17-09-26.png>
Package pdftex.def Info: figures/all_figures_with_residuals/A_17-09-26.png  use
d on input line 475.
(pdftex.def)             Requested size: 215.16837pt x 150.11746pt.
<figures/all_figures_with_residuals/A_17-09-26_2.png, id=254, 714.7503pt x 498.
663pt>
File: figures/all_figures_with_residuals/A_17-09-26_2.png Graphic file (type pn
g)
<use figures/all_figures_with_residuals/A_17-09-26_2.png>
Package pdftex.def Info: figures/all_figures_with_residuals/A_17-09-26_2.png  u
sed on input line 475.
(pdftex.def)             Requested size: 215.16837pt x 150.11746pt.
<figures/all_figures_with_residuals/B_17-09-26.png, id=255, 714.7503pt x 498.66
3pt>
File: figures/all_figures_with_residuals/B_17-09-26.png Graphic file (type png)

<use figures/all_figures_with_residuals/B_17-09-26.png>
Package pdftex.def Info: figures/all_figures_with_residuals/B_17-09-26.png  use
d on input line 476.
(pdftex.def)             Requested size: 215.16837pt x 150.11746pt.
<figures/all_figures_with_residuals/B_17-09-26_2.png, id=256, 714.7503pt x 498.
663pt>
File: figures/all_figures_with_residuals/B_17-09-26_2.png Graphic file (type pn
g)
<use figures/all_figures_with_residuals/B_17-09-26_2.png>
Package pdftex.def Info: figures/all_figures_with_residuals/B_17-09-26_2.png  u
sed on input line 476.
(pdftex.def)             Requested size: 215.16837pt x 150.11746pt.

[17 <./figures/all_figures_with_residuals/Pb50Sn50_15-09-26.png> <./figures/all
_figures_with_residuals/Pb50Sn50_24-09-26.png> <./figures/all_figures_with_resi
duals/Pb75Sn25_02-10-26.png> <./figures/all_figures_with_residuals/Pb75Sn25_15-
09-26.png> <./figures/all_figures_with_residuals/A_17-09-26.png> <./figures/all
_figures_with_residuals/A_17-09-26_2.png> <./figures/all_figures_with_residuals
/B_17-09-26.png> <./figures/all_figures_with_residuals/B_17-09-26_2.png>]
(E:\codeshit\PHYS-469\XRD-code\XRAY_LAB\tex_output\verify_indexing_36980a65e6f3
4bb986485af727139afb\Proj1-Final-XRD-Shukri-Weltz.aux)
 ***********
LaTeX2e <2025-11-01>
L3 programming layer <2025-12-24>
 ***********
Package rerunfilecheck Info: File `Proj1-Final-XRD-Shukri-Weltz.out' has not ch
anged.
(rerunfilecheck)             Checksum: E179D2AAA5F45A4D6F5748EC919F12B6;2343.
 ) 
Here is how much of TeX's memory you used:
 15502 strings out of 467870
 267233 string characters out of 5418355
 705188 words of memory out of 5000000
 44131 multiletter control sequences out of 15000+600000
 637815 words of font info for 77 fonts, out of 8000000 for 9000
 1141 hyphenation exceptions out of 8191
 105i,12n,107p,436b,482s stack positions out of 10000i,1000n,20000p,200000b,200000s
 <C:\Users\micha\AppData\Local\MiKTeX\fonts/pk/ljfour/jknappen/ec/dpi600\tcrm
1200.pk><C:/Users/micha/AppData/Local/Programs/MiKTeX/fonts/type1/public/amsfon
ts/cm/cmbx10.pfb><C:/Users/micha/AppData/Local/Programs/MiKTeX/fonts/type1/publ
ic/amsfonts/cm/cmbx12.pfb><C:/Users/micha/AppData/Local/Programs/MiKTeX/fonts/t
ype1/public/amsfonts/cm/cmex10.pfb><C:/Users/micha/AppData/Local/Programs/MiKTe
X/fonts/type1/public/amsfonts/cm/cmmi12.pfb><C:/Users/micha/AppData/Local/Progr
ams/MiKTeX/fonts/type1/public/amsfonts/cm/cmmi8.pfb><C:/Users/micha/AppData/Loc
al/Programs/MiKTeX/fonts/type1/public/amsfonts/cm/cmr10.pfb><C:/Users/micha/App
Data/Local/Programs/MiKTeX/fonts/type1/public/amsfonts/cm/cmr12.pfb><C:/Users/m
icha/AppData/Local/Programs/MiKTeX/fonts/type1/public/amsfonts/cm/cmr6.pfb><C:/
Users/micha/AppData/Local/Programs/MiKTeX/fonts/type1/public/amsfonts/cm/cmr8.p
fb><C:/Users/micha/AppData/Local/Programs/MiKTeX/fonts/type1/public/amsfonts/cm
/cmsy10.pfb><C:/Users/micha/AppData/Local/Programs/MiKTeX/fonts/type1/public/am
sfonts/cm/cmsy8.pfb>
Output written on E:\codeshit\PHYS-469\XRD-code\XRAY_LAB\tex_output\verify_inde
xing_36980a65e6f34bb986485af727139afb\Proj1-Final-XRD-Shukri-Weltz.pdf (20 page
s, 6330894 bytes).
PDF statistics:
 331 PDF objects out of 1000 (max. 8388607)
 42 named destinations out of 1000 (max. 500000)
 298 words of extra memory for PDF output out of 10000 (max. 10000000)

